# This file provides a mapping of classes to DEX files in an Android multi-dex
# application. It is used in conjunction with the R8 DEX file optimizer
# to enforce a fixed distribution of classes to DEX files.
#
# Fixing the class distribution serves two purposes:
#
# 1. Keeping classes in the same DEX file reduces the size of patches between
#    two versions of an application.
# 2. Co-locating classes with their uses can reduce DEX file size. For example,
#    one might want to place the helper classes for credit card processing in
#    the same DEX file that contains the payment related logic.
#
# Entries in this file have the following form:
#
# <packageSpec>:<file number>
#
# Where packageSpec is either the name of a package, e.g., 'com.google.foo', or
# a package wildcard of the form 'com.google.bar.*'. The former matches exactly
# the classes in the given package, whereas the latter also matches classes in
# subpackages. PackageSpec entries may not overlap.
#
# Empty lines and lines starting with a '#' are ignored.

android.arch.core.internal.*:0
android.arch.lifecycle.*:0
android.support.annotation.*:0
android.support.compat.*:0
android.support.coreui.*:0
android.support.coreutils.*:0
android.support.fragment.*:0
android.support.graphics.*:0
android.support.mediacompat.*:0
android.support.v4.*:0
android.support.v7.*:0
com.caverock.androidsvg.*:0
com.firebase.client.*:0
com.firebase.tubesock.*:0
com.google.api.*:0
com.google.appinventor.*:0
com.google.common.*:0
com.google.youngandroid.*:0
com.shaded.fasterxml.*:0
edu.mit.appinventor.*:0
gnu.bytecode:0
gnu.commonlisp.lang.*:0
gnu.commonlisp.lisp.*:0
gnu.ecmascript:0
gnu.expr:0
gnu.kawa.functions.*:0
gnu.kawa.lispexpr.*:0
gnu.kawa.models.*:0
gnu.kawa.reflect.*:0
gnu.kawa.sax.*:0
gnu.kawa.servlet.*:0
gnu.kawa.slib.*:0
gnu.kawa.swingviews.*:0
gnu.kawa.util.*:0
gnu.kawa.xml.*:0
gnu.kawa.xslt.*:0
gnu.lists:0
gnu.mapping:0
gnu.math:0
gnu.text:0
gnu.xml:0
gnu.xquery.lang.*:0
gnu.xquery.util.*:0
kawa:0
kawa.lang:0
kawa.lib:0
kawa.lib.kawa.*:0
kawa.lib.rnrs.*:0
kawa.standard:0
microsoft.mappoint:0
org.acra:0
org.acra.annotation.*:0
org.acra.collector.*:0
org.acra.log.*:0
org.acra.sender.*:0
org.acra.util.*:0
org.apache.commons.*:0
org.apache.http.*:0
org.json:0
org.json.zip.*:0
org.metalev.multitouch.*:0
org.osmdroid:0
org.osmdroid.api.*:0
org.osmdroid.config.*:0
org.osmdroid.events.*:0
org.osmdroid.library.*:0
org.osmdroid.tileprovider:1
org.osmdroid.tileprovider.cachemanager.*:1
org.osmdroid.tileprovider.constants.*:1
org.osmdroid.tileprovider.modules.*:1
org.osmdroid.tileprovider.tilesource.*:1
org.osmdroid.tileprovider.util.*:1
org.osmdroid.util.*:1
org.osmdroid.views.*:1
org.shaded.apache.*:1
redis.clients.jedis.*:1
redis.clients.util.*:1
twitter4j:1
twitter4j.api:1
twitter4j.auth:1
twitter4j.conf:1
twitter4j.internal.async.*:1
twitter4j.internal.http.*:1
twitter4j.internal.json.*:1
twitter4j.internal.logging.*:1
twitter4j.internal.org.*:1
twitter4j.internal.util.*:1
twitter4j.json:1
twitter4j.management:1
twitter4j.util:1
